[backblue.gif]
[fade.gif]
[index.html]
[cimenlertasimacilik.com/themes/cimenler-tasimacilik/assets/images/logo_footer.png]
[cimenlertasimacilik.com/themes/cimenler-tasimacilik/assets/images/banner_slider.jpg]
[cimenlertasimacilik.com/themes/cimenler-tasimacilik/assets/images/banner_slider-2.jpg]
[cimenlertasimacilik.com/themes/cimenler-tasimacilik/assets/images/icon-box-1.jpg]
[cimenlertasimacilik.com/themes/cimenler-tasimacilik/assets/images/container.jpg]
[cimenlertasimacilik.com/themes/cimenler-tasimacilik/assets/images/icon-box-3.jpg]
[cimenlertasimacilik.com/themes/cimenler-tasimacilik/assets/images/business-man.png]
[cimenlertasimacilik.com/themes/cimenler-tasimacilik/assets/images/tir.png]
[cimenlertasimacilik.com/storage/app/uploads/public/5cd/94d/337/5cd94d3372ad1614868587.png]
[cimenlertasimacilik.com/storage/app/uploads/public/5cd/94d/119/5cd94d11952b0483401981.jpg]
[cimenlertasimacilik.com/themes/cimenler-tasimacilik/assets/js/jquery.min.js]
[cdnjs.cloudflare.com/ajax/libs/cookieconsent2/1.0.9/cookieconsent.min.js]
[cimenlertasimacilik.com/themes/cimenler-tasimacilik/assets/js/popper.min.js]
[cimenlertasimacilik.com/themes/cimenler-tasimacilik/assets/js/bootstrap.min.js]
[cimenlertasimacilik.com/themes/cimenler-tasimacilik/assets/js/bootstrap-dropdownhover.min.js]
[cimenlertasimacilik.com/themes/cimenler-tasimacilik/assets/js/fontawesome-all.js]
[cimenlertasimacilik.com/themes/cimenler-tasimacilik/assets/js/owl.carousel.min.js]
[cimenlertasimacilik.com/themes/cimenler-tasimacilik/assets/twitter/jquery.tweet.js]
[cimenlertasimacilik.com/themes/cimenler-tasimacilik/assets/js/jflickrfeed.min.js]
[cimenlertasimacilik.com/themes/cimenler-tasimacilik/assets/js/jquery.waypoints.min.js]
[cimenlertasimacilik.com/themes/cimenler-tasimacilik/assets/js/jquery.easing.min.js]
[cimenlertasimacilik.com/themes/cimenler-tasimacilik/assets/js/jquery.counterup.min.js]
[cimenlertasimacilik.com/themes/cimenler-tasimacilik/assets/js/jquery.easypiechart.min.js]
[cimenlertasimacilik.com/themes/cimenler-tasimacilik/assets/js/jquery.appear.js]
[cimenlertasimacilik.com/themes/cimenler-tasimacilik/assets/js/wow.min.js]
[cimenlertasimacilik.com/themes/cimenler-tasimacilik/assets/js/jquery.gmap.min.js]
[cimenlertasimacilik.com/themes/cimenler-tasimacilik/assets/rev-slider/revolution/js/jquery.themepunch.tools.min.js]
[cimenlertasimacilik.com/themes/cimenler-tasimacilik/assets/rev-slider/revolution/js/jquery.themepunch.revolution.min.js]
[cimenlertasimacilik.com/themes/cimenler-tasimacilik/assets/rev-slider/revolution/js/extensions/revolution.extension.actions.min.js]
[cimenlertasimacilik.com/themes/cimenler-tasimacilik/assets/rev-slider/revolution/js/extensions/revolution.extension.carousel.min.js]
[cimenlertasimacilik.com/themes/cimenler-tasimacilik/assets/rev-slider/revolution/js/extensions/revolution.extension.kenburn.min.js]
[cimenlertasimacilik.com/themes/cimenler-tasimacilik/assets/rev-slider/revolution/js/extensions/revolution.extension.layeranimation.min.js]
[cimenlertasimacilik.com/themes/cimenler-tasimacilik/assets/rev-slider/revolution/js/extensions/revolution.extension.navigation.min.js]
[cimenlertasimacilik.com/themes/cimenler-tasimacilik/assets/rev-slider/revolution/js/extensions/revolution.extension.parallax.min.js]
[cimenlertasimacilik.com/themes/cimenler-tasimacilik/assets/rev-slider/revolution/js/extensions/revolution.extension.slideanims.min.js]
[cimenlertasimacilik.com/themes/cimenler-tasimacilik/assets/rev-slider/revolution/js/extensions/revolution.extension.video.min.js]
[cimenlertasimacilik.com/themes/cimenler-tasimacilik/assets/js/site-custom.js]
[cimenlertasimacilik.com/modules/system/assets/js/framework.js]
[cimenlertasimacilik.com/modules/system/assets/js/framework.extras.js]
[cimenlertasimacilik.com/combine/f0820695ba810aacfd4db8ebe890fd53-1557738850]
[cimenlertasimacilik.com/index.html]
[cimenlertasimacilik.com/themes/cimenler-tasimacilik/assets/css/base.css]
[cimenlertasimacilik.com/themes/cimenler-tasimacilik/assets/rev-slider/revolution/fonts/pe-icon-7-stroke/fonts/Pe-icon-7-stroke.eot]
[cimenlertasimacilik.com/themes/cimenler-tasimacilik/assets/rev-slider/revolution/fonts/pe-icon-7-stroke/fonts/Pe-icon-7-stroke-1.eot]
[cimenlertasimacilik.com/themes/cimenler-tasimacilik/assets/rev-slider/revolution/fonts/pe-icon-7-stroke/fonts/Pe-icon-7-stroke.woff]
[cimenlertasimacilik.com/themes/cimenler-tasimacilik/assets/rev-slider/revolution/fonts/pe-icon-7-stroke/fonts/Pe-icon-7-stroke.ttf]
[cimenlertasimacilik.com/themes/cimenler-tasimacilik/assets/rev-slider/revolution/fonts/pe-icon-7-stroke/css/pe-icon-7-stroke.css]
[cimenlertasimacilik.com/themes/cimenler-tasimacilik/assets/rev-slider/revolution/fonts/font-awesome/fonts/fontawesome-webfont.eot]
[cimenlertasimacilik.com/themes/cimenler-tasimacilik/assets/rev-slider/revolution/fonts/font-awesome/fonts/fontawesome-webfont-1.eot]
[cimenlertasimacilik.com/themes/cimenler-tasimacilik/assets/rev-slider/revolution/fonts/font-awesome/fonts/fontawesome-webfont.woff]
[cimenlertasimacilik.com/themes/cimenler-tasimacilik/assets/rev-slider/revolution/fonts/font-awesome/fonts/fontawesome-webfont.ttf]
[cimenlertasimacilik.com/themes/cimenler-tasimacilik/assets/rev-slider/revolution/fonts/font-awesome/css/font-awesome.css]
[cimenlertasimacilik.com/themes/cimenler-tasimacilik/assets/rev-slider/revolution/fonts/revicons/revicons.eot]
[cimenlertasimacilik.com/themes/cimenler-tasimacilik/assets/rev-slider/revolution/fonts/revicons/revicons.woff]
[cimenlertasimacilik.com/themes/cimenler-tasimacilik/assets/rev-slider/revolution/fonts/revicons/revicons.ttf]
[cimenlertasimacilik.com/themes/cimenler-tasimacilik/assets/rev-slider/revolution/assets/gridtile.png]
[cimenlertasimacilik.com/themes/cimenler-tasimacilik/assets/rev-slider/revolution/assets/gridtile_white.png]
[cimenlertasimacilik.com/themes/cimenler-tasimacilik/assets/rev-slider/revolution/assets/gridtile_3x3.png]
[cimenlertasimacilik.com/themes/cimenler-tasimacilik/assets/rev-slider/revolution/assets/gridtile_3x3_white.png]
[cimenlertasimacilik.com/themes/cimenler-tasimacilik/assets/rev-slider/revolution/assets/coloredbg.png]
[cimenlertasimacilik.com/themes/cimenler-tasimacilik/assets/rev-slider/revolution/assets/loader.gif]
[cimenlertasimacilik.com/themes/cimenler-tasimacilik/assets/rev-slider/revolution/css/settings.css]
[cimenlertasimacilik.com/themes/cimenler-tasimacilik/assets/rev-slider/revolution/css/layers.css]
[cimenlertasimacilik.com/themes/cimenler-tasimacilik/assets/rev-slider/revolution/css/navigation.css]
[cimenlertasimacilik.com/themes/cimenler-tasimacilik/assets/images/courier-man.png]
[cimenlertasimacilik.com/kurumsal.html]
[cimenlertasimacilik.com/storage/app/media/uploaded-files/why-choose-us.jpg]
[cimenlertasimacilik.com/storage/app/media/uploaded-files/why-choose-us2.jpg]
[cimenlertasimacilik.com/storage/app/media/uploaded-files/why-choose-us3.jpg]
[cimenlertasimacilik.com/hizmetlerimiz.html]
[cimenlertasimacilik.com/storage/app/uploads/public/5cd/93e/76a/thumb_40_0_0_0_0_exact.jpg]
[cimenlertasimacilik.com/themes/cimenler-tasimacilik/assets/js/jquery.cubeportfolio.min.js]
[cimenlertasimacilik.com/themes/cimenler-tasimacilik/assets/js/masonary-custom.js]
[cimenlertasimacilik.com/plugins/raviraj/rjgallery/assets/js/jquery-1.9.1.min.js]
[cimenlertasimacilik.com/plugins/raviraj/rjgallery/assets/js/lightgallery.min.js]
[cimenlertasimacilik.com/plugins/raviraj/rjgallery/assets/js/jquery.mousewheel.min.js]
[cimenlertasimacilik.com/plugins/raviraj/rjgallery/assets/js/lg-thumbnail.min.js]
[cimenlertasimacilik.com/plugins/raviraj/rjgallery/assets/js/lg-autoplay.min.js]
[cimenlertasimacilik.com/plugins/raviraj/rjgallery/assets/js/lg-pager.min.js]
[cimenlertasimacilik.com/plugins/raviraj/rjgallery/assets/js/lg-zoom.min.js]
[cimenlertasimacilik.com/belgeler.html]
[cimenlertasimacilik.com/plugins/raviraj/rjgallery/assets/js/lg-fullscreen.min.js]
[cimenlertasimacilik.com/storage/app/uploads/public/5cd/93e/27d/thumb_2_0_0_0_0_exact.jpg]
[cimenlertasimacilik.com/storage/app/uploads/public/5cd/93e/27e/thumb_3_0_0_0_0_exact.jpg]
[cimenlertasimacilik.com/storage/app/uploads/public/5cd/93e/283/thumb_4_0_0_0_0_exact.jpg]
[cimenlertasimacilik.com/storage/app/uploads/public/5cd/93e/285/thumb_5_0_0_0_0_exact.jpg]
[cimenlertasimacilik.com/storage/app/uploads/public/5cd/93e/288/thumb_6_0_0_0_0_exact.jpg]
[cimenlertasimacilik.com/storage/app/uploads/public/5cd/93e/289/thumb_7_0_0_0_0_exact.jpg]
[cimenlertasimacilik.com/storage/app/uploads/public/5cd/93e/28c/thumb_8_0_0_0_0_exact.jpg]
[cimenlertasimacilik.com/storage/app/uploads/public/5cd/93e/28e/thumb_9_0_0_0_0_exact.jpg]
[cimenlertasimacilik.com/storage/app/uploads/public/5cd/93e/291/thumb_10_0_0_0_0_exact.jpg]
[cimenlertasimacilik.com/storage/app/uploads/public/5cd/93e/293/thumb_11_0_0_0_0_exact.jpg]
[cimenlertasimacilik.com/storage/app/uploads/public/5cd/93e/296/thumb_12_0_0_0_0_exact.jpg]
[cimenlertasimacilik.com/storage/app/uploads/public/5cd/93e/298/thumb_13_0_0_0_0_exact.jpg]
[cimenlertasimacilik.com/storage/app/uploads/public/5cd/93e/29a/thumb_14_0_0_0_0_exact.jpg]
[cimenlertasimacilik.com/storage/app/uploads/public/5cd/93e/29d/thumb_15_0_0_0_0_exact.jpg]
[cimenlertasimacilik.com/storage/app/uploads/public/5cd/93e/2a0/thumb_16_0_0_0_0_exact.jpg]
[cimenlertasimacilik.com/storage/app/uploads/public/5cd/93e/2a2/thumb_17_0_0_0_0_exact.jpg]
[cimenlertasimacilik.com/storage/app/uploads/public/5cd/93e/2a5/thumb_18_0_0_0_0_exact.jpg]
[cimenlertasimacilik.com/storage/app/uploads/public/5cd/93e/2a7/thumb_19_0_0_0_0_exact.jpg]
[cimenlertasimacilik.com/storage/app/uploads/public/5cd/93e/2a9/thumb_20_0_0_0_0_exact.jpg]
[cimenlertasimacilik.com/storage/app/uploads/public/5cd/93e/2ac/thumb_21_0_0_0_0_exact.jpg]
[cimenlertasimacilik.com/storage/app/uploads/public/5cd/93e/2ad/thumb_22_0_0_0_0_exact.jpg]
[cimenlertasimacilik.com/storage/app/uploads/public/5cd/93e/2b1/thumb_23_0_0_0_0_exact.jpg]
[cimenlertasimacilik.com/storage/app/uploads/public/5cd/93e/2b3/thumb_24_0_0_0_0_exact.jpg]
[cimenlertasimacilik.com/storage/app/uploads/public/5cd/93e/2b6/thumb_25_0_0_0_0_exact.jpg]
[cimenlertasimacilik.com/storage/app/uploads/public/5cd/93e/2b7/thumb_26_0_0_0_0_exact.jpg]
[cimenlertasimacilik.com/storage/app/uploads/public/5cd/93e/2bb/thumb_27_0_0_0_0_exact.jpg]
[cimenlertasimacilik.com/storage/app/uploads/public/5cd/93e/2bc/thumb_28_0_0_0_0_exact.jpg]
[cimenlertasimacilik.com/storage/app/uploads/public/5cd/93e/2da/thumb_29_0_0_0_0_exact.jpg]
[cimenlertasimacilik.com/storage/app/uploads/public/5cd/93e/2db/thumb_30_0_0_0_0_exact.jpg]
[cimenlertasimacilik.com/storage/app/uploads/public/5cd/93e/2df/thumb_31_0_0_0_0_exact.jpg]
[cimenlertasimacilik.com/storage/app/uploads/public/5cd/93e/2e0/thumb_32_0_0_0_0_exact.jpg]
[cimenlertasimacilik.com/storage/app/uploads/public/5cd/93e/2e4/thumb_33_0_0_0_0_exact.jpg]
[cimenlertasimacilik.com/storage/app/uploads/public/5cd/93e/2e5/thumb_34_0_0_0_0_exact.jpg]
[cimenlertasimacilik.com/storage/app/uploads/public/5cd/93e/2e8/thumb_35_0_0_0_0_exact.jpg]
[cimenlertasimacilik.com/storage/app/uploads/public/5cd/93e/2ea/thumb_36_0_0_0_0_exact.jpg]
[cimenlertasimacilik.com/storage/app/uploads/public/5cd/93e/2ed/thumb_37_0_0_0_0_exact.jpg]
[cimenlertasimacilik.com/storage/app/uploads/public/5cd/93e/2ef/thumb_38_0_0_0_0_exact.jpg]
[cimenlertasimacilik.com/storage/app/uploads/public/5cd/93e/2f2/thumb_39_0_0_0_0_exact.jpg]
[cimenlertasimacilik.com/filo.html]
[cimenlertasimacilik.com/blog.html]
[cimenlertasimacilik.com/storage/app/media/uploaded-files/map-bg.png]
[cimenlertasimacilik.com/iletisim.html]
[cimenlertasimacilik.com/storage/app/media/5c924e6eb0258338447077.png]
[cimenlertasimacilik.com/blog-detay/web-sitemiz-acildi.html]
[cimenlertasimacilik.com/blog-detay/agir-yuk-tasimaciligi.html]
[cimenlertasimacilik.com/modules/system/assets/css/framework.extras.css]
[cimenlertasimacilik.com/themes/cimenler-tasimacilik/assets/css/bootstrap.min.css]
[cimenlertasimacilik.com/themes/cimenler-tasimacilik/assets/css/css.css]
[cimenlertasimacilik.com/themes/cimenler-tasimacilik/assets/css/animate.min.css]
[cimenlertasimacilik.com/themes/cimenler-tasimacilik/assets/css/fonts/icofont.woff]
[cimenlertasimacilik.com/themes/cimenler-tasimacilik/assets/css/icofont.min.css]
[cimenlertasimacilik.com/themes/cimenler-tasimacilik/assets/css/owl.carousel.min.css]
[cimenlertasimacilik.com/themes/cimenler-tasimacilik/assets/images/cbp-sprite.png]
[cimenlertasimacilik.com/themes/cimenler-tasimacilik/assets/css/cubeportfolio.min.css]
[cimenlertasimacilik.com/themes/cimenler-tasimacilik/assets/css/bootstrap-dropdownhover.min.css]
[cimenlertasimacilik.com/themes/cimenler-tasimacilik/assets/images/bg_6.jpg]
[cimenlertasimacilik.com/themes/cimenler-tasimacilik/assets/images/bg_7.jpg]
[cimenlertasimacilik.com/themes/cimenler-tasimacilik/assets/images/breadcrumbs_bg.jpg]
[cimenlertasimacilik.com/themes/cimenler-tasimacilik/assets/images/bg_8.jpg]
[cimenlertasimacilik.com/themes/cimenler-tasimacilik/assets/images/map-bg.png]
[cimenlertasimacilik.com/themes/cimenler-tasimacilik/assets/images/bg_5.jpg]
[cimenlertasimacilik.com/themes/cimenler-tasimacilik/assets/images/bg_1.jpg]
[cimenlertasimacilik.com/themes/cimenler-tasimacilik/assets/images/bg_3.jpg]
[cimenlertasimacilik.com/themes/cimenler-tasimacilik/assets/images/bg_2.jpg]
[cimenlertasimacilik.com/themes/cimenler-tasimacilik/assets/images/bg_4.jpg]
[cimenlertasimacilik.com/themes/cimenler-tasimacilik/assets/css/shortcodes.css]
[cimenlertasimacilik.com/themes/cimenler-tasimacilik/assets/images/bg-text.jpg]
[cimenlertasimacilik.com/themes/cimenler-tasimacilik/assets/images/popup_bg.jpg]
[cimenlertasimacilik.com/themes/cimenler-tasimacilik/assets/images/what_we_offer.jpg]
[cimenlertasimacilik.com/themes/cimenler-tasimacilik/assets/css/style.css]
[cimenlertasimacilik.com/themes/cimenler-tasimacilik/assets/css/responsive.css]
[cimenlertasimacilik.com/themes/cimenler-tasimacilik/assets/rev-slider/revolution/fonts/pe-icon-7-stroke/fonts/Pe-icon-7-stroke.svg]
[cimenlertasimacilik.com/themes/cimenler-tasimacilik/assets/rev-slider/revolution/fonts/font-awesome/fonts/fontawesome-webfont.html]
[cimenlertasimacilik.com/themes/cimenler-tasimacilik/assets/rev-slider/revolution/fonts/font-awesome/fonts/fontawesome-webfont.svg]
[cimenlertasimacilik.com/themes/cimenler-tasimacilik/assets/rev-slider/revolution/fonts/revicons/revicons.svg]
[cimenlertasimacilik.com/themes/cimenler-tasimacilik/assets/rev-slider/revolution/css/openhand.html]
[cimenlertasimacilik.com/themes/cimenler-tasimacilik/assets/rev-slider/revolution/css/closedhand.html]
[cimenlertasimacilik.com/plugins/raviraj/rjgallery/assets/fonts/lgd641.eot]
[cimenlertasimacilik.com/plugins/raviraj/rjgallery/assets/fonts/lgd41d.eot]
[cimenlertasimacilik.com/plugins/raviraj/rjgallery/assets/fonts/lgd641.woff]
[cimenlertasimacilik.com/plugins/raviraj/rjgallery/assets/fonts/lgd641.ttf]
[cimenlertasimacilik.com/plugins/raviraj/rjgallery/assets/img/vimeo-play.png]
[cimenlertasimacilik.com/plugins/raviraj/rjgallery/assets/img/video-play.png]
[cimenlertasimacilik.com/plugins/raviraj/rjgallery/assets/img/youtube-play.png]
[cimenlertasimacilik.com/plugins/raviraj/rjgallery/assets/img/loading.gif]
[cimenlertasimacilik.com/plugins/raviraj/rjgallery/assets/css/lightgallery.min.css]
[cimenlertasimacilik.com/plugins/raviraj/rjgallery/assets/css/lg-transitions.min.css]
[cimenlertasimacilik.com/blog/kategori/genel.html]
[cimenlertasimacilik.com/blog-detay/5c924e6eb0258338447077.html]
[cimenlertasimacilik.com/blog-detay/genel.html]
[cimenlertasimacilik.com/blog-detay/5c91ff8f50aa8494101343.html]
[cimenlertasimacilik.com/themes/cimenler-tasimacilik/assets/css/s/montserrat/v12/JTUPjIg1_i6t8kCHKm459WxZYgzz_PZ1.html]
[cimenlertasimacilik.com/themes/cimenler-tasimacilik/assets/css/s/montserrat/v12/JTUQjIg1_i6t8kCHKm459WxRyS7j.html]
[cimenlertasimacilik.com/themes/cimenler-tasimacilik/assets/css/s/montserrat/v12/JTUPjIg1_i6t8kCHKm459WxZOg3z_PZ1.html]
[cimenlertasimacilik.com/themes/cimenler-tasimacilik/assets/css/s/montserrat/v12/JTUPjIg1_i6t8kCHKm459WxZFgrz_PZ1.html]
[cimenlertasimacilik.com/themes/cimenler-tasimacilik/assets/css/s/montserrat/v12/JTUPjIg1_i6t8kCHKm459WxZcgvz_PZ1.html]
[cimenlertasimacilik.com/themes/cimenler-tasimacilik/assets/css/s/montserrat/v12/JTURjIg1_i6t8kCHKm45_cJD3gnD-w.html]
[cimenlertasimacilik.com/themes/cimenler-tasimacilik/assets/css/s/montserrat/v12/JTUSjIg1_i6t8kCHKm459Wlhzg.html]
[cimenlertasimacilik.com/themes/cimenler-tasimacilik/assets/css/s/montserrat/v12/JTURjIg1_i6t8kCHKm45_ZpC3gnD-w.html]
[cimenlertasimacilik.com/themes/cimenler-tasimacilik/assets/css/s/montserrat/v12/JTURjIg1_i6t8kCHKm45_bZF3gnD-w.html]
[cimenlertasimacilik.com/themes/cimenler-tasimacilik/assets/css/s/montserrat/v12/JTURjIg1_i6t8kCHKm45_dJE3gnD-w.html]
[cimenlertasimacilik.com/themes/cimenler-tasimacilik/assets/css/fonts/icofont.html]
[cimenlertasimacilik.com/themes/cimenler-tasimacilik/assets/css/owl.video.play.html]
[cimenlertasimacilik.com/themes/cimenler-tasimacilik/assets/images/bg-wave.svg]
[cimenlertasimacilik.com/themes/cimenler-tasimacilik/assets/css/icon_top.html]
[cimenlertasimacilik.com/themes/cimenler-tasimacilik/assets/images/download.svg]
[cimenlertasimacilik.com/plugins/raviraj/rjgallery/assets/fonts/lgd641.svg]
[cimen.oncalisma.com/storage/app/uploads/public/5c9/24d/cce/5c924dccef197535728656.jpg]
[cimen.oncalisma.com/storage/app/uploads/public/5c9/24d/ace/5c924dace0e45304006741.jpg]
